Global Construktors
	_INIT_0_NEAR_CODE_StdioFiles
	_INIT_1_UtilityBase
	_INIT_1_DOSBase
	_INIT_2_MathIeeeDoubTransBase
	_INIT_2_MathIeeeDoubBasBase
	_INIT_5_InitStdIOFiles
Global Destruktors
	_EXIT_5_InitStdIOFiles
	_EXIT_4_free
	_EXIT_2_MathIeeeDoubTransBase
	_EXIT_2_MathIeeeDoubBasBase
	_EXIT_1_UtilityBase
	_EXIT_1_DOSBase
	_EXIT_0_Main
				M68K Code


			Hunk #0 ( Merged Public )
                                   _exit = 116 (0x74) File Work:Developer/StormC/StormSYS/stormamiga_nc_startups.o
                                   _main = 160 (0xA0) File Work:Data/StormC/GFXIndex/GFXIndex.o
                                 _Exists = 1366 (0x556) File Work:Data/StormC/GFXIndex/GFXIndex.o
                        _DisplayNameList = 1404 (0x57C) File Work:Data/StormC/GFXIndex/GFXIndex.o
                                _remlist = 1456 (0x5B0) File Work:Data/StormC/GFXIndex/GFXIndex.o
                                _addlist = 1492 (0x5D4) File Work:Data/StormC/GFXIndex/GFXIndex.o
                               _SortList = 1580 (0x62C) File Work:Data/StormC/GFXIndex/GFXIndex.o
                              _printlist = 1658 (0x67A) File Work:Data/StormC/GFXIndex/GFXIndex.o
                              _getnewdir = 1702 (0x6A6) File Work:Data/StormC/GFXIndex/GFXIndex.o
                                 _getdir = 1744 (0x6D0) File Work:Data/StormC/GFXIndex/GFXIndex.o
                                 _wbmain = 2932 (0xB74) File Work:Developer/StormC/Lib/stormamiga_nc.lib
                                 _memcpy = 2936 (0xB78) File Work:Developer/StormC/Lib/stormamiga_nc.lib
                                 _strcpy = 2960 (0xB90) File Work:Developer/StormC/Lib/stormamiga_nc.lib
                                 _strlen = 2976 (0xBA0) File Work:Developer/StormC/Lib/stormamiga_nc.lib
                                 _strstr = 2992 (0xBB0) File Work:Developer/StormC/Lib/stormamiga_nc.lib
                                   _putc = 3040 (0xBE0) File Work:Developer/StormC/Lib/stormamiga_nc.lib
                                  _fputc = 3040 (0xBE0) File Work:Developer/StormC/Lib/stormamiga_nc.lib
                                _setvbuf = 3060 (0xBF4) File Work:Developer/StormC/Lib/stormamiga_nc.lib
                                _sprintf = 3204 (0xC84) File Work:Developer/StormC/Lib/stormamiga_nc.lib
                              _amigagetc = 3244 (0xCAC) File Work:Developer/StormC/Lib/stormamiga_nc.lib
                         _amigagetcunget = 3292 (0xCDC) File Work:Developer/StormC/Lib/stormamiga_nc.lib
                              _amigaputc = 3324 (0xCFC) File Work:Developer/StormC/Lib/stormamiga_nc.lib
                         _amigareadunget = 3372 (0xD2C) File Work:Developer/StormC/Lib/stormamiga_nc.lib
                            _amigaungetc = 3456 (0xD80) File Work:Developer/StormC/Lib/stormamiga_nc.lib
                               _amigaeof = 3488 (0xDA0) File Work:Developer/StormC/Lib/stormamiga_nc.lib
                                   sputc = 3500 (0xDAC) File Work:Developer/StormC/Lib/stormamiga_nc.lib
                                 udiv_64 = 3516 (0xDBC) File Work:Developer/StormC/Lib/stormamiga_nc.lib
                             lib_div_int = 3580 (0xDFC) File Work:Developer/StormC/Lib/stormamiga_nc.lib
                                  intdiv = 3580 (0xDFC) File Work:Developer/StormC/Lib/stormamiga_nc.lib
                                _divsl_r = 3580 (0xDFC) File Work:Developer/StormC/Lib/stormamiga_nc.lib
                                 intmult = 3588 (0xE04) File Work:Developer/StormC/Lib/stormamiga_nc.lib
                                 _muls_r = 3588 (0xE04) File Work:Developer/StormC/Lib/stormamiga_nc.lib
                                _NewList = 3596 (0xE0C) File Work:Developer/StormC/Lib/stormamiga_nc.lib
                         _INIT_1_DOSBase = 3616 (0xE20) File Work:Developer/StormC/Lib/stormamiga_nc.lib
                         _EXIT_1_DOSBase = 3636 (0xE34) File Work:Developer/StormC/Lib/stormamiga_nc.lib
             _INIT_2_MathIeeeDoubBasBase = 3668 (0xE54) File Work:Developer/StormC/Lib/stormamiga_nc.lib
             _EXIT_2_MathIeeeDoubBasBase = 3696 (0xE70) File Work:Developer/StormC/Lib/stormamiga_nc.lib
           _INIT_2_MathIeeeDoubTransBase = 3740 (0xE9C) File Work:Developer/StormC/Lib/stormamiga_nc.lib
           _EXIT_2_MathIeeeDoubTransBase = 3768 (0xEB8) File Work:Developer/StormC/Lib/stormamiga_nc.lib
                     _INIT_1_UtilityBase = 3816 (0xEE8) File Work:Developer/StormC/Lib/stormamiga_nc.lib
                     _EXIT_1_UtilityBase = 3836 (0xEFC) File Work:Developer/StormC/Lib/stormamiga_nc.lib
                                 _main__ = 3872 (0xF20) File Work:Developer/StormC/Lib/stormamiga_nc.lib
                            _EXIT_0_Main = 4150 (0x1036) File Work:Developer/StormC/Lib/stormamiga_nc.lib
                                 _malloc = 4192 (0x1060) File Work:Developer/StormC/Lib/stormamiga_nc.lib
                                   _free = 4418 (0x1142) File Work:Developer/StormC/Lib/stormamiga_nc.lib
                            _EXIT_4_free = 4526 (0x11AE) File Work:Developer/StormC/Lib/stormamiga_nc.lib
                                 _printf = 4588 (0x11EC) File Work:Developer/StormC/Lib/stormamiga_nc.lib
                             _amigaclose = 4616 (0x1208) File Work:Developer/StormC/Lib/stormamiga_nc.lib
                             _amigaflush = 4704 (0x1260) File Work:Developer/StormC/Lib/stormamiga_nc.lib
                              _amigaread = 4808 (0x12C8) File Work:Developer/StormC/Lib/stormamiga_nc.lib
                              _amigaseek = 5060 (0x13C4) File Work:Developer/StormC/Lib/stormamiga_nc.lib
                             _amigawrite = 5120 (0x1400) File Work:Developer/StormC/Lib/stormamiga_nc.lib
                                form_out = 5348 (0x14E4) File Work:Developer/StormC/Lib/stormamiga_nc.lib
            _INIT_0_NEAR_CODE_StdioFiles = 7300 (0x1C84) File Work:Developer/StormC/Lib/stormamiga_nc.lib
                  _INIT_5_InitStdIOFiles = 7382 (0x1CD6) File Work:Developer/StormC/Lib/stormamiga_nc.lib
                  _EXIT_5_InitStdIOFiles = 7576 (0x1D98) File Work:Developer/StormC/Lib/stormamiga_nc.lib
                         _AllocDosObject = 7612 (0x1DBC) File Work:Developer/StormC/Lib/amiga.lib
                                  _Close = 7640 (0x1DD8) File Work:Developer/StormC/Lib/amiga.lib
                              _CreateDir = 7660 (0x1DEC) File Work:Developer/StormC/Lib/amiga.lib
                                 _ExNext = 7680 (0x1E00) File Work:Developer/StormC/Lib/amiga.lib
                                _Examine = 7708 (0x1E1C) File Work:Developer/StormC/Lib/amiga.lib
                                _Execute = 7736 (0x1E38) File Work:Developer/StormC/Lib/amiga.lib
                                _FPrintf = 7764 (0x1E54) File Work:Developer/StormC/Lib/amiga.lib
                               _FreeArgs = 7796 (0x1E74) File Work:Developer/StormC/Lib/amiga.lib
                          _FreeDosObject = 7816 (0x1E88) File Work:Developer/StormC/Lib/amiga.lib
                                   _Lock = 7844 (0x1EA4) File Work:Developer/StormC/Lib/amiga.lib
                                   _Open = 7872 (0x1EC0) File Work:Developer/StormC/Lib/amiga.lib
                               _ReadArgs = 7900 (0x1EDC) File Work:Developer/StormC/Lib/amiga.lib
                                 _UnLock = 7928 (0x1EF8) File Work:Developer/StormC/Lib/amiga.lib
                                _AddTail = 7948 (0x1F0C) File Work:Developer/StormC/Lib/amiga.lib
                               _AllocVec = 7972 (0x1F24) File Work:Developer/StormC/Lib/amiga.lib
                                _FreeVec = 7996 (0x1F3C) File Work:Developer/StormC/Lib/amiga.lib
                                _RemTail = 8016 (0x1F50) File Work:Developer/StormC/Lib/amiga.lib
                              _SetSignal = 8036 (0x1F64) File Work:Developer/StormC/Lib/amiga.lib
                                _Stricmp = 8060 (0x1F7C) File Work:Developer/StormC/Lib/amiga.lib
                               _Strnicmp = 8084 (0x1F94) File Work:Developer/StormC/Lib/amiga.lib
                            _InitModules = 8112 (0x1FB0) File <Internal Assembled>
                         _CleanupModules = 8140 (0x1FCC) File <Internal Assembled>

				PowerPC Code


				Data


			Hunk #1 ( Far Public )
                                _SysBase = 0 (0x0) File Work:Developer/StormC/StormSYS/stormamiga_nc_startups.o
                                _sigmask = 12 (0xC) File Work:Data/StormC/GFXIndex/GFXIndex.o
                                   flagc = 16 (0x10) File Work:Developer/StormC/Lib/stormamiga_nc.lib
                              lowertabel = 24 (0x18) File Work:Developer/StormC/Lib/stormamiga_nc.lib
                              uppertabel = 40 (0x28) File Work:Developer/StormC/Lib/stormamiga_nc.lib
                                _DOSBase = 56 (0x38) File Work:Developer/StormC/Lib/stormamiga_nc.lib
                    _MathIeeeDoubBasBase = 60 (0x3C) File Work:Developer/StormC/Lib/stormamiga_nc.lib
                  _MathIeeeDoubTransBase = 64 (0x40) File Work:Developer/StormC/Lib/stormamiga_nc.lib
                            _UtilityBase = 68 (0x44) File Work:Developer/StormC/Lib/stormamiga_nc.lib
                               _std__out = 84 (0x54) File Work:Developer/StormC/Lib/stormamiga_nc.lib
                                _std__in = 168 (0xA8) File Work:Developer/StormC/Lib/stormamiga_nc.lib
                               _std__err = 252 (0xFC) File Work:Developer/StormC/Lib/stormamiga_nc.lib

				BSS


			Hunk #2 ( Far Public )
                                    _Dir = 0 (0x0) File Work:Data/StormC/GFXIndex/GFXIndex.o
				END
